$ tsc --noEmit && vite build
vite v8.3.0 building client environment for production...
transforming...
✓ 2350 modules transformed.
rendering chunks...
computing gzip size...
dist/index.html                               1.27 kB │ gzip:   0.62 kB
dist/assets/ModelLinks-CsCwg9Jp.css           2.91 kB │ gzip:   1.07 kB
dist/assets/DependenciesPane-BjXvLJ5P.css     3.32 kB │ gzip:   0.99 kB
dist/assets/ModelingGuidePage-BEcUXPl-.css    8.77 kB │ gzip:   2.14 kB
dist/assets/ReactFlowPane-DLioOiRN.css       15.41 kB │ gzip:   2.56 kB
dist/assets/index-CfeyMQMh.css               44.09 kB │ gzip:  10.01 kB
dist/assets/rolldown-runtime-W7wSyTde.js      0.97 kB │ gzip:   0.56 kB
dist/assets/ModelingGuidePage-cbQqgUuc.js     5.54 kB │ gzip:   1.92 kB
dist/assets/icons-pWf2u8TN.js                19.52 kB │ gzip:   6.82 kB
dist/assets/ModelLinks-CeKRP6Lx.js           32.31 kB │ gzip:  11.93 kB
dist/assets/ReactFlowPane-DQSB-Z86.js       185.94 kB │ gzip:  60.14 kB
dist/assets/index-iN5N6rct.js               264.63 kB │ gzip:  82.00 kB
dist/assets/DependenciesPane-B9m1Qg19.js    663.02 kB │ gzip: 203.10 kB

✓ built in 1.20s
[plugin builtin:vite-reporter] 
(!) Some chunks are larger than 500 kB after minification. Consider:
- Using dynamic import() to code-split the application
- Use build.rolldownOptions.output.codeSplitting to improve chunking: https://rolldown.rs/reference/OutputOptions.codeSplitting
- Adjust chunk size limit for this warning via build.chunkSizeWarningLimit.
